Error processing existing users: no such table: auth_user
[1m============================= test session starts =============================[0m
platform win32 -- Python 3.13.3, pytest-8.3.5, pluggy-1.6.0 -- C:\Users\Nithin\Desktop\windsurf\angel-plants\venv\Scripts\python.exe
cachedir: .pytest_cache
django: version: 5.0.3, settings: angels_plants.settings_test (from ini)
rootdir: C:\Users\Nithin\Desktop\windsurf\angel-plants
configfile: pytest.ini
plugins: django-4.11.1
[1mcollecting ... [0m
Python version: 3.13.3 (tags/v3.13.3:6280bb5, Apr  8 2025, 14:47:33) [MSC v.1943 64 bit (AMD64)]
Django version: 5.0.3
Current working directory: C:\Users\Nithin\Desktop\windsurf\angel-plants
Python path: ['C:\\Users\\Nithin\\Desktop\\windsurf\\angel-plants', 'C:\\Users\\Nithin\\Desktop\\windsurf\\angel-plants', 'C:\\Users\\Nithin\\AppData\\Local\\Programs\\Python\\Python313\\python313.zip', 'C:\\Users\\Nithin\\AppData\\Local\\Programs\\Python\\Python313\\DLLs', 'C:\\Users\\Nithin\\AppData\\Local\\Programs\\Python\\Python313\\Lib', 'C:\\Users\\Nithin\\AppData\\Local\\Programs\\Python\\Python313', 'C:\\Users\\Nithin\\Desktop\\windsurf\\angel-plants\\venv', 'C:\\Users\\Nithin\\Desktop\\windsurf\\angel-plants\\venv\\Lib\\site-packages']
collected 3 items

python : Creating test database for alias 'default' 
('file:memorydb_default?mode=memory&cache=shared')...
At line:1 char:1
+ python -m pytest payment/tests/test_db_setup.py -v -s > test_output.t ...
+ ~~~~~~~~~~~~~~~~~~~~~~~~~~~~~~~~~~~~~~~~~~~~~~~~~~~~~~~~~~~~~~~~~~~~~
    + CategoryInfo          : NotSpecified: (Creating test d...che=shared')...:String) [], Remo 
   teException
    + FullyQualifiedErrorId : NativeCommandError
 

payment/tests/test_db_setup.py::DatabaseSetupTest::test_database_configuration Operations to perform:
  Synchronize unmigrated apps: crispy_bootstrap5, crispy_forms, django_ckeditor_5, humanize, messages, staticfiles, widget_tweaks
  Apply all migrations: admin, auth, contenttypes, sessions, store
Synchronizing apps without migrations:
  Creating tables...
    Running deferred SQL...
Running migrations:
  Applying contenttypes.0001_initial... OK
  Applying auth.0001_initial... OK
  Applying admin.0001_initial... OK
  Applying admin.0002_logentry_remove_auto_add... OK
  Applying admin.0003_logentry_add_action_flag_choices... OK
  Applying contenttypes.0002_remove_content_type_name... OK
  Applying auth.0002_alter_permission_name_max_length... OK
  Applying auth.0003_alter_user_email_max_length... OK
  Applying auth.0004_alter_user_username_opts... OK
  Applying auth.0005_alter_user_last_login_null... OK
  Applying auth.0006_require_contenttypes_0002... OK
  Applying auth.0007_alter_validators_add_error_messages... OK
  Applying auth.0008_alter_user_username_max_length... OK
  Applying auth.0009_alter_user_last_name_max_length... OK
  Applying auth.0010_alter_group_name_max_length... OK
  Applying auth.0011_update_proxy_permissions... OK
  Applying auth.0012_alter_user_first_name_max_length... OK
  Applying sessions.0001_initial... OK
  Applying store.0001_initial... OK
  Applying store.0002_profile... OK
  Applying store.0003_auto_20250516_1720... OK
  Applying store.0004_alter_orderitem_options_alter_orderitem_created_at_and_more... OK
  Applying store.0005_order_razorpay_order_id... OK

Database configuration:
Database name: file:memorydb_default?mode=memory&cache=shared
Database engine: django.db.backends.sqlite3
Is test database: False
[31mFAILED[0m
payment/tests/test_db_setup.py::DatabaseSetupTest::test_database_connection [32mPASSED[0m
payment/tests/test_db_setup.py::DatabaseSetupTest::test_database_tables_exist 
Found tables: ['django_migrations', 'sqlite_sequence', 'auth_group_permissions', 'auth_user_groups', 'auth_user_user_permissions', 'django_admin_log', 'django_content_type', 'auth_permission', 'auth_group', 'auth_user', 'django_session', 'store_blogcategory', 'store_blogtag', 'store_category', 'store_coupon', 'store_producttag', 'store_variation', 'store_blogpost', 'store_blogpost_categories', 'store_blogpost_tags', 'store_cart', 'store_order', 'store_payment', 'store_product', 'store_productimage', 'store_product_additional_images', 'store_product_tags', 'store_variationoption', 'store_address', 'store_orderactivity', 'store_cartitem', 'store_productrating', 'store_review', 'store_productvariation', 'store_wishlist', 'store_profile', 'store_orderitem']
Missing tables: []
Destroying test database for alias 'default' 
('file:memorydb_default?mode=memory&cache=shared')...

[32mPASSED[0m

================================== FAILURES ===================================
[31m[1m________________ DatabaseSetupTest.test_database_configuration ________________[0m
[1m[31mpayment\tests\test_db_setup.py[0m:31: in test_database_configuration
    self.assertTrue(is_test_db, "Not using a test database")
[1m[31mE   AssertionError: False is not true : Not using a test database[0m
[33m============================== warnings summary ===============================[0m
venv\Lib\site-packages\django\db\backends\utils.py:98
  C:\Users\Nithin\Desktop\windsurf\angel-plants\venv\Lib\site-packages\django\db\backends\utils.py:98: RuntimeWarning: Accessing the database during app initialization is discouraged. To fix this warning, avoid executing queries in AppConfig.ready() or when your app modules are imported.
    warnings.warn(self.APPS_NOT_READY_WARNING_MSG, category=RuntimeWarning)

venv\Lib\site-packages\django\db\models\base.py:366
  C:\Users\Nithin\Desktop\windsurf\angel-plants\venv\Lib\site-packages\django\db\models\base.py:366: RuntimeWarning: Model 'store.orderitem' was already registered. Reloading models is not advised as it can lead to inconsistencies, most notably with related models.
    new_class._meta.apps.register_model(new_class._meta.app_label, new_class)

payment/tests/test_db_setup.py::DatabaseSetupTest::test_database_configuration
  C:\Users\Nithin\Desktop\windsurf\angel-plants\venv\Lib\site-packages\django\db\models\fields\__init__.py:1659: RuntimeWarning: DateTimeField OrderItem.created_at received a naive datetime (2025-05-16 11:50:00) while time zone support is active.
    warnings.warn(

payment/tests/test_db_setup.py::DatabaseSetupTest::test_database_configuration
  C:\Users\Nithin\Desktop\windsurf\angel-plants\venv\Lib\site-packages\django\db\models\fields\__init__.py:1659: RuntimeWarning: DateTimeField OrderItem.updated_at received a naive datetime (2025-05-16 11:50:00) while time zone support is active.
    warnings.warn(

-- Docs: https://docs.pytest.org/en/stable/how-to/capture-warnings.html
[36m[1m=========================== short test summary info ===========================[0m
[31mFAILED[0m payment/tests/test_db_setup.py::[1mDatabaseSetupTest::test_database_configuration[0m - AssertionError: False is not true : Not using a test database
[31m=================== [31m[1m1 failed[0m, [32m2 passed[0m, [33m4 warnings[0m[31m in 0.55s[0m[31m ===================[0m
